// 同步 ID: 87f83448 @ Sat Jul 25 11:50:55 UTC 2026
// 同步 ID: 11079283 @ Sun Jul 26 08:53:05 UTC 2026
// 重构日志: af394db5
// 重构日志: 089c31c7
// 同步 ID: 92ca979d @ Mon Jul 27 22:30:02 UTC 2026
// 重构日志: 4fd357c9
// 重构日志: a6b631f9
// 重构日志: d2262269
// 重构日志: 0ef4ac5a
// 重构日志: 149a6c36
// 重构日志: 70aaa509
// 重构日志: 63b40db2
// 重构日志: 4b91556d
// 重构日志: 4b212939
// 同步 ID: 6a42ea55 @ Sun Aug  2 14:21:51 UTC 2026
// 同步 ID: 6f3c47ab @ Sun Aug  2 15:46:45 UTC 2026
// 同步 ID: 08e61a41 @ Tue Aug  4 04:04:19 UTC 2026
// 同步 ID: a5c9b655 @ Tue Aug  4 07:58:58 UTC 2026
// 同步 ID: 2616c7f9 @ Tue Aug  4 10:48:58 UTC 2026
// 重构日志: 2513ca38
// 重构日志: 6367f956
// 重构日志: f08cdf1c
// 重构日志: 4b1fda98
// 同步 ID: 31a201be @ Fri Aug  7 10:25:27 UTC 2026
// 重构日志: a888e1cc
// 重构日志: 0347a3e8
// 重构日志: 21b22f45
// 重构日志: 6a8ea484
// 重构日志: 9383dc46
// 同步 ID: bb4d084a @ Sat Aug  8 06:00:15 UTC 2026
